Initial game state: {
  players: {},
  monsters: [],
  healingPoints: [],
  connectedPlayers: 0,
  gameLevel: 1,
  maxSpawns: 3,
  spawnsLeft: 3
}
Healing point spawned at (368.44353442979076, 135.64112600450943)
Current healing points: 1
Healing point spawned at (85.21146851386587, 144.7773282553784)
Current healing points: 2
Server running on port 3000
No connected players, skipping monster spawn
No connected players, skipping monster spawn
No connected players, skipping monster spawn
No connected players, skipping monster spawn
No connected players, skipping monster spawn
No connected players, skipping monster spawn
No connected players, skipping monster spawn
No connected players, skipping monster spawn
No connected players, skipping monster spawn
No connected players, skipping monster spawn
No connected players, skipping monster spawn
No connected players, skipping monster spawn
No connected players, skipping monster spawn
No connected players, skipping monster spawn
No connected players, skipping monster spawn
No connected players, skipping monster spawn
No connected players, skipping monster spawn
No connected players, skipping monster spawn
No connected players, skipping monster spawn
No connected players, skipping monster spawn
No connected players, skipping monster spawn
No connected players, skipping monster spawn
No connected players, skipping monster spawn
No connected players, skipping monster spawn
No connected players, skipping monster spawn
No connected players, skipping monster spawn
No connected players, skipping monster spawn
No connected players, skipping monster spawn
No connected players, skipping monster spawn
No connected players, skipping monster spawn
No connected players, skipping monster spawn
No connected players, skipping monster spawn
No connected players, skipping monster spawn
No connected players, skipping monster spawn
No connected players, skipping monster spawn
No connected players, skipping monster spawn
No connected players, skipping monster spawn
No connected players, skipping monster spawn
No connected players, skipping monster spawn
No connected players, skipping monster spawn
No connected players, skipping monster spawn
No connected players, skipping monster spawn
No connected players, skipping monster spawn
No connected players, skipping monster spawn
No connected players, skipping monster spawn
No connected players, skipping monster spawn
No connected players, skipping monster spawn
No connected players, skipping monster spawn
No connected players, skipping monster spawn
No connected players, skipping monster spawn
No connected players, skipping monster spawn
No connected players, skipping monster spawn
No connected players, skipping monster spawn
No connected players, skipping monster spawn
No connected players, skipping monster spawn
No connected players, skipping monster spawn
No connected players, skipping monster spawn
No connected players, skipping monster spawn
No connected players, skipping monster spawn
No connected players, skipping monster spawn
No connected players, skipping monster spawn
No connected players, skipping monster spawn
No connected players, skipping monster spawn
No connected players, skipping monster spawn
No connected players, skipping monster spawn
No connected players, skipping monster spawn
No connected players, skipping monster spawn
No connected players, skipping monster spawn
No connected players, skipping monster spawn
No connected players, skipping monster spawn
No connected players, skipping monster spawn
No connected players, skipping monster spawn
No connected players, skipping monster spawn
No connected players, skipping monster spawn
No connected players, skipping monster spawn
No connected players, skipping monster spawn
No connected players, skipping monster spawn
No connected players, skipping monster spawn
No connected players, skipping monster spawn
No connected players, skipping monster spawn
No connected players, skipping monster spawn
No connected players, skipping monster spawn
No connected players, skipping monster spawn
No connected players, skipping monster spawn
No connected players, skipping monster spawn
No connected players, skipping monster spawn
No connected players, skipping monster spawn
